%s:5 ParamError call with 0 arg(s) to test() which requires 2 arg(s) defined at %s:2
%s:6 ParamError call with 1 arg(s) to test() which requires 2 arg(s) defined at %s:2
%s:9 ParamError call with 4 arg(s) to test() which only takes 3 arg(s) defined at %s:2