%s:7 TypeError Argument 4 (arg4) is int but \test() takes array defined at %s:2
%s:8 TypeError Argument 2 (arg2) is float but \test() takes int defined at %s:2
