%s:8 UndefError Static call to undeclared method \a::func2
