%s:7 PhanRedefineClass Trait \test defined at %s:7 was previously defined as Interface \test at %s:2
%s:12 PhanRedefineClass Class \test defined at %s:12 was previously defined as Interface \test at %s:2
