%s:4 ParamError Call with 1 arg(s) to \strtr() which requires 3 arg(s)
%s:4 TypeError Argument 1 (str) is string[] but \strtr() takes string
