%s:5 ParamError call with 0 arg(s) to \test() which requires 1 arg(s) defined at %s:2
