%s:3 TypeError return string but test() is declared to return int