%s:15 PhanTypeMismatchArgument Argument 1 (farg2) is float but \b::test2() takes int defined at %s:8

