%s:9 TypeError Argument 1 (arr) is int but \test1() takes array defined at %s:6
%s:10 TypeError Argument 1 (arr) is int[] but \test2() takes int defined at %s:7
