%s:4 UndefError Trying to instantiate undeclared class Ex
%s:6 UndefError call to method on undeclared class Exceptio