%s:7 TypeError Argument 1 (arg) is int[] but \NS1\test() takes string defined at %s:3
