%s:7 DeprecatedError Call to deprecated function \test() defined at %s:5
