%s:16 TypeError Default value for int $b can't be bool
%s:16 TypeError Default value for string $c can't be int
%s:26 ParamError required arg follows optional
