%s:6 PhanTypeMismatchProperty Assigning string[] to property but \a::property is \bad
%s:9 PhanUndeclaredTypeProperty Property of undeclared type \bad
