%s:6 RedefineError Function alpha defined at %s:6 was previously defined at %s:3
