%s:11 UndefError Calling method on non-class type null
