%s:16 UndefError Call to undeclared method \a::g
%s:21 UndefError Call to undeclared method \b::f
