%s:47 PhanTypeMismatchArgument Argument 1 (a) is string but \b::f() takes int defined at %s:22

