%s:4 PhanUndeclaredProperty Reference to undeclared property missing_property
