%s:19 UndefError Can't access undeclared constant A::y
