%s:7 TypeError Argument 1 (s) is int but \closure_f55aaf37() takes string defined at %s:4
