%s:2 CompatError Expression may not be PHP 7 compatible
%s:3 CompatError Expression may not be PHP 7 compatible
%s:4 CompatError Expression may not be PHP 7 compatible
%s:5 CompatError Expression may not be PHP 7 compatible
