%s:3 UndefError Trying to inherit from unknown class \a
%s:6 UndefError Trying to implement unknown interface \a
%s:9 UndefError Trying to use unknown trait \a
