%s:21 TypeError return string but h() is declared to return int
