%s:4 CompatError $$a[] expression may not be PHP 7 compatible
