%s:11 UndefError instanceof check on undeclared class \undefclass
%s:15 UndefError instanceof check on undeclared class \undefclass
