%s:6 PhanUndeclaredTypeParameter Parameter of undeclared type \client
%s:6 PhanUndeclaredTypeProperty Property of undeclared type \client
%s:8 PhanUndeclaredClassMethod Call to method test from undeclared class \client
