%s:7 PhanUndeclaredProperty Reference to undeclared property \abstractproperties->things2
