%s:10 PhanTypeMismatchArgument Argument 1 (c) is string[] but \f() takes \closure defined at %s:9

