%s:8 TypeError Call to method on non-class type null
%s:14 TypeError Call to method on non-class type null
