%s:5 TypeError arg#1(string) is \c but \strlen() takes string
