%s:5 PhanUndeclaredConstant Reference to undeclared constant \undefclassconst::MY_CONST
