%s:6 PhanTypeMismatchArgument Argument 1 (p) is array but \g() takes int defined at %s:5
%s:7 PhanTypeMismatchArgument Argument 1 (p) is int[] but \g() takes int defined at %s:5

