%s:12 PhanDeprecatedClass Call to deprecated class \c defined at %s:5
%s:13 PhanDeprecatedFunction Call to deprecated function \c::f() defined at %s:9
%s:20 PhanDeprecatedFunction Call to deprecated function \f() defined at %s:18
