%s:5 PhanTypeArraySuspicious Suspicious array access to \c
%s:6 PhanTypeArraySuspicious Suspicious array access to \c
%s:7 PhanTypeArraySuspicious Suspicious array access to \c
