%s:15 PhanTypeArrayOperator Invalid array operator
