%s:13 PhanStaticCallToNonStatic Static call to non-static method \test::baz() defined at %s:6
