%s:9 PhanTypeMismatchArgument Argument 1 (var) is array but \emittype() takes resource defined at %s:3
%s:11 PhanTypeMismatchArgument Argument 1 (var) is bool but \emittype() takes resource defined at %s:3
%s:13 PhanTypeMismatchArgument Argument 1 (var) is callable but \emittype() takes resource defined at %s:3
%s:15 PhanTypeMismatchArgument Argument 1 (var) is float but \emittype() takes resource defined at %s:3
%s:17 PhanTypeMismatchArgument Argument 1 (var) is float but \emittype() takes resource defined at %s:3
%s:19 PhanTypeMismatchArgument Argument 1 (var) is int but \emittype() takes resource defined at %s:3
%s:21 PhanTypeMismatchArgument Argument 1 (var) is int but \emittype() takes resource defined at %s:3
%s:23 PhanTypeMismatchArgument Argument 1 (var) is bool but \emittype() takes resource defined at %s:3
%s:25 PhanTypeMismatchArgument Argument 1 (var) is int but \emittype() takes resource defined at %s:3
%s:27 PhanTypeMismatchArgument Argument 1 (var) is null but \emittype() takes resource defined at %s:3
%s:29 PhanTypeMismatchArgument Argument 1 (var) is float|int|string but \emittype() takes resource defined at %s:3
%s:33 PhanTypeMismatchArgument Argument 1 (var) is float but \emittype() takes resource defined at %s:3
%s:35 PhanTypeMismatchArgument Argument 1 (var) is resource but \emitresourcetype() takes string defined at %s:5
%s:37 PhanTypeMismatchArgument Argument 1 (var) is bool|float|int|null|string but \emittype() takes resource defined at %s:3
%s:39 PhanTypeMismatchArgument Argument 1 (var) is string but \emittype() takes resource defined at %s:3
