%s:9 PhanStaticCallToNonStatic Static call to non-static method \a::nonStaticMethod() defined at %s:4
