%s:7 PhanDeprecatedProperty Reference to deprecated property \c::p defined at %s:5
